<?xml version="1.0" encoding="utf-8"?>
<!DOCTYPE html PUBLIC "-//W3C//DTD XHTML 1.0 Strict//EN" "http://www.w3.org/TR/xhtml1/DTD/xhtml1-strict.dtd">
<html
        xmlns="http://www.w3.org/1999/xhtml" lang="en" xml:lang="en">
<head>
    <meta http-equiv="Content-Type" content="text/html; charset=utf-8" />
    <link rel="stylesheet" href=".resources/coverage.css" type="text/css" />
    <title>Expected Test Coverage</title>
</head>
<body>
<div class="menu" id="menu">
    
</div>
<h1>Expected Test Coverage</h1>
<table class="coverage" cellspacing="0" id="coveragetable">
    <thead>
    <tr>
	<td class="ctr2">File</td>
	<td class="ctr2">Lines fully covered</td>
	<td class="ctr2">Lines not covered</td>
	<td class="ctr2">Lines partially covered</td>
</tr>

    </thead>
    <tfoot>
    <tr>
	<td class="ctr2">Total</td>
	<td class="ctr2">210</td>
	<td class="ctr2">8</td>
	<td class="ctr2">0</td>
</tr>

    </tfoot>
    <tbody>
    <tr>
	<td class="ctr2"><a href = "chessWithQuantifiers.dfy_tests_expected.html"class = "el_package">chessWithQuantifiers.dfy</a></td>
	<td class="ctr2">210</td>
	<td class="ctr2">8</td>
	<td class="ctr2">0</td>
</tr>

    </tbody>
</table>
<div class="footer">
    <span class="right">
        Created with 
        <a href="https://github.com/dafny-lang/dafny">Dafny</a>
    </span>
</div>
</body>
</html>